Inspected 100 / 2560 files
Inspected 200 / 2560 files
Inspected 300 / 2560 files
Inspected 400 / 2560 files
Inspected 500 / 2560 files
Inspected 600 / 2560 files
Inspected 700 / 2560 files
Inspected 800 / 2560 files
Inspected 900 / 2560 files
Inspected 1000 / 2560 files
Inspected 1100 / 2560 files
Inspected 1200 / 2560 files
Inspected 1300 / 2560 files
Inspected 1400 / 2560 files
Inspected 1500 / 2560 files
Inspected 1600 / 2560 files
Inspected 1700 / 2560 files
Inspected 1800 / 2560 files
Inspected 1900 / 2560 files
Inspected 2000 / 2560 files
Inspected 2100 / 2560 files
Inspected 2200 / 2560 files
Inspected 2300 / 2560 files
Inspected 2400 / 2560 files
Inspected 2500 / 2560 files

Wrote: data/metadata/paderborn_mat_schema.csv
Rows: 2560

Sensor type counts:
sensor_types_present
unknown    2160
current     400

Unique MAT key signatures: 2560

Top MAT key signatures:
================================================================================
Count: 1
Keys: N09_M07_F10_K001_1
Examples:
  data/raw/paderborn/K001/N09_M07_F10_K001_1.mat
================================================================================
Count: 1
Keys: N09_M07_F10_K001_10
Examples:
  data/raw/paderborn/K001/N09_M07_F10_K001_10.mat
================================================================================
Count: 1
Keys: N09_M07_F10_K001_11
Examples:
  data/raw/paderborn/K001/N09_M07_F10_K001_11.mat
================================================================================
Count: 1
Keys: N09_M07_F10_K001_12
Examples:
  data/raw/paderborn/K001/N09_M07_F10_K001_12.mat
================================================================================
Count: 1
Keys: N09_M07_F10_K001_13
Examples:
  data/raw/paderborn/K001/N09_M07_F10_K001_13.mat
================================================================================
Count: 1
Keys: N09_M07_F10_K001_14
Examples:
  data/raw/paderborn/K001/N09_M07_F10_K001_14.mat
================================================================================
Count: 1
Keys: N09_M07_F10_K001_15
Examples:
  data/raw/paderborn/K001/N09_M07_F10_K001_15.mat
================================================================================
Count: 1
Keys: N09_M07_F10_K001_16
Examples:
  data/raw/paderborn/K001/N09_M07_F10_K001_16.mat
================================================================================
Count: 1
Keys: N09_M07_F10_K001_17
Examples:
  data/raw/paderborn/K001/N09_M07_F10_K001_17.mat
================================================================================
Count: 1
Keys: N09_M07_F10_K001_18
Examples:
  data/raw/paderborn/K001/N09_M07_F10_K001_18.mat
